<html>
<body>
<pre>
<h1>µVision Build Log</h1>
<h2>Tool Versions:</h2>
IDE-Version: µVision V5.31.0.0
Copyright (C) 2020 ARM Ltd and ARM Germany GmbH. All rights reserved.
License Information: Biju Amruta Dathan, Indian Institute of Technology. Dharwad, LIC=----
 
Tool Versions:
Toolchain:       MDK-Lite  Version: 5.31.0.0
Toolchain Path:  D:\arm-stuff\ARM\ARMCLANG\Bin
C Compiler:      ArmClang.exe V6.14
Assembler:       Armasm.exe V6.14
Linker/Locator:  ArmLink.exe V6.14
Library Manager: ArmAr.exe V6.14
Hex Converter:   FromElf.exe V6.14
CPU DLL:         SARMCM3.DLL V5.31.0.0
Dialog DLL:      DARMP1.DLL V1.27.0.0
Target DLL:      UL2CM3.DLL V1.163.4.0
Dialog DLL:      TARMP1.DLL V1.26.0.0
 
<h2>Project:</h2>
D:\ARM_CODE\New folder\courseProj\booth.uvprojx
Project File Date:  10/06/2020

<h2>Output:</h2>
*** Using Compiler 'V6.14', folder: 'D:\arm-stuff\ARM\ARMCLANG\Bin'
Build target 'Target 1'
"booth_algo.s", line 17 (column 13): Warning: A1865W: '#' not seen before constant expression
   17 00000000  and R5, R2, 1; Getting Q0 bit
                           ^
"booth_algo.s", line 18 (column 13): Warning: A1865W: '#' not seen before constant expression
   18 00000004  and R6, R3, 1; Getting Q-1 bit 
                           ^
"booth_algo.s", line 19 (column 17): Warning: A1865W: '#' not seen before constant expression
   19 00000008  MOV R5, R5, lsl 1; left shift, 'Q0'_'0'
                               ^
"booth_algo.s", line 23 (column 14): Warning: A1865W: '#' not seen before constant expression
   23 00000010  add R6, R10, 1; n+1
                            ^
"booth_algo.s", line 25 (column 17): Warning: A1865W: '#' not seen before constant expression
   25 00000018  MOV R9, R2, lsl 1; ls Q by 1
                               ^
"booth_algo.s", line 31 (column 13): Warning: A1865W: '#' not seen before constant expression
   31 00000026  add R4, R4, 1
                           ^
"booth_algo.s", line 41 (column 9): Warning: A1865W: '#' not seen before constant expression
   41 00000032  MOV R1,A; Accumulator
                       ^
"booth_algo.s", line 42 (column 9): Warning: A1865W: '#' not seen before constant expression
   42 00000036  MVN R2,Q; Multiplier
                       ^
"booth_algo.s", line 43 (column 13): Warning: A1865W: '#' not seen before constant expression
   43 0000003a  add R2, R2, 1
                           ^
"booth_algo.s", line 45 (column 9): Warning: A1865W: '#' not seen before constant expression
   45 0000003e  MOV R3,q; Booth Bit
                       ^
"booth_algo.s", line 46 (column 9): Warning: A1865W: '#' not seen before constant expression
   46 00000042  MOV R4, M; Mulitplicand
                       ^
"booth_algo.s", line 47 (column 10): Warning: A1865W: '#' not seen before constant expression
   47 00000046  MOV R10, N; Count
                        ^
"booth_algo.s", line 51 (column 9): Warning: A1865W: '#' not seen before constant expression
   51 0000004e  cmp R5, y
                       ^
"booth_algo.s", line 54 (column 9): Warning: A1865W: '#' not seen before constant expression
   54 00000052  cmp R5, z
                       ^
"booth_algo.s", line 58 (column 15): Warning: A1865W: '#' not seen before constant expression
   58 0000005a  sub R10, R10, 1
                             ^
"booth_algo.s", line 59 (column 10): Warning: A1865W: '#' not seen before constant expression
   59 0000005e  cmp R10, 0
                        ^
0 Errors, 16 Warnings
assembling booth_algo.s...
linking...
.\Objects\booth.sct(8): warning: L6314W: No section matches pattern *(InRoot$$Sections).
Program Size: Code=564 RO-data=204 RW-data=0 ZI-data=512  
Finished: 0 information, 1 warning and 0 error messages.
FromELF: creating hex file...
".\Objects\booth.axf" - 0 Error(s), 1 Warning(s).

<h2>Software Packages used:</h2>

Package Vendor: ARM
                http://www.keil.com/pack/ARM.CMSIS.5.7.0.pack
                ARM.CMSIS.5.7.0
                CMSIS (Cortex Microcontroller Software Interface Standard)
   * Component: CORE Version: 5.4.0

Package Vendor: Keil
                http://www.keil.com/pack/Keil.LPC1700_DFP.2.6.0.pack
                Keil.LPC1700_DFP.2.6.0
                NXP LPC1700 Series Device Support, Drivers and Examples for MCB1700 and LPC1788-32
   * Component: Startup Version: 1.0.0

<h2>Collection of Component include folders:</h2>
  .\RTE\Device\LPC1768
  .\RTE\_Target_1
  D:\arm-stuff\ARM\CMSIS\5.7.0\CMSIS\Core\Include
  D:\arm-stuff\Keil\LPC1700_DFP\2.6.0\Device\Include

<h2>Collection of Component Files used:</h2>

   * Component: ARM::CMSIS:CORE:5.4.0

   * Component: Keil::Device:Startup:1.0.0
      Source file:   Device\Source\system_LPC17xx.c
      Include file:  Device\Include\LPC17xx.h
      Include file:  RTE_Driver\Config\RTE_Device.h
      Source file:   Device\Source\ARM\startup_LPC17xx.s
Build Time Elapsed:  00:00:01
</pre>
</body>
</html>
