<html>
<body>
<pre>
<h1>µVision Build Log</h1>
<h2>Tool Versions:</h2>
IDE-Version: µVision V5.31.0.0
Copyright (C) 2020 ARM Ltd and ARM Germany GmbH. All rights reserved.
License Information: Biju Amruta Dathan, Indian Institute of Technology. Dharwad, LIC=----
 
Tool Versions:
Toolchain:       MDK-Lite  Version: 5.31.0.0
Toolchain Path:  D:\arm-stuff\ARM\ARMCLANG\Bin
C Compiler:      ArmClang.exe V6.14
Assembler:       Armasm.exe V6.14
Linker/Locator:  ArmLink.exe V6.14
Library Manager: ArmAr.exe V6.14
Hex Converter:   FromElf.exe V6.14
CPU DLL:         SARMCM3.DLL V5.31.0.0
Dialog DLL:      DARMP1.DLL V1.27.0.0
Target DLL:      UL2CM3.DLL V1.163.4.0
Dialog DLL:      TARMP1.DLL V1.26.0.0
 
<h2>Project:</h2>
D:\ARM_CODE\New folder\courseProj\booth.uvprojx
Project File Date:  10/06/2020

<h2>Output:</h2>
*** Using Compiler 'V6.14', folder: 'D:\arm-stuff\ARM\ARMCLANG\Bin'
Build target 'Target 1'
"booth_algo.s", line 17 (column 13): Warning: A1865W: '#' not seen before constant expression
   17 00000000  and R5, R2, 1; Getting Q0 bit 1010 & 0001
                           ^
"booth_algo.s", line 18 (column 13): Warning: A1865W: '#' not seen before constant expression
   18 00000004  and R6, R3, 1; Getting Q-1 bit 
                           ^
"booth_algo.s", line 19 (column 17): Warning: A1865W: '#' not seen before constant expression
   19 00000008  MOV R5, R5, lsl 1; left shift, 'Q0'_'0'  
                               ^
"booth_algo.s", line 24 (column 14): Warning: A1865W: '#' not seen before constant expression
   24 00000010  add R6, R10, 1; n+1
                            ^
"booth_algo.s", line 28 (column 17): Warning: A1865W: '#' not seen before constant expression
   28 00000018  MOV R2, R2, lsl 1; ls Q by 1
                               ^
"booth_algo.s", line 31 (column 17): Warning: A1865W: '#' not seen before constant expression
   31 00000024  MOV R7, R7, asr 1; Shifted AQq to right
                               ^
"booth_algo.s", line 36 (column 17): Warning: A1865W: '#' not seen before constant expression
   36 0000002e  MOV R9, R9, lsr 1; 
                               ^
"booth_algo.s", line 38 (column 9): Warning: A1865W: '#' not seen before constant expression
   38 00000032  MOV R5, 1; we need value 1 in register for next step
                       ^
"booth_algo.s", line 40 (column 13): Warning: A1865W: '#' not seen before constant expression
   40 0000003a  sub R5, R5, 1; (1 << bits - 1);  1111
                           ^
"booth_algo.s", line 52 (column 14): Warning: A1865W: '#' not seen before constant expression
   52 0000004e  add R6, R10, 1
                            ^
"booth_algo.s", line 53 (column 9): Warning: A1865W: '#' not seen before constant expression
   53 00000052  MOV R9, 1; we need value 1 in register for next step
                       ^
"booth_algo.s", line 55 (column 13): Warning: A1865W: '#' not seen before constant expression
   55 0000005a  sub R9, R9, 1; (1 << bits - 1)  1111
                           ^
"booth_algo.s", line 57 (column 13): Warning: A1865W: '#' not seen before constant expression
   57 00000062  add R4, R4, 1
                           ^
"booth_algo.s", line 65 (column 9): Warning: A1865W: '#' not seen before constant expression
   65 0000006e  MOV R9, 1; we need value 1 in register for next step
                       ^
"booth_algo.s", line 67 (column 13): Warning: A1865W: '#' not seen before constant expression
   67 00000076  sub R9, R9, 1; (1 << bits - 1)  1111
                           ^
"booth_algo.s", line 72 (column 13): Warning: A1865W: '#' not seen before constant expression
   72 00000084  add R8, R8, 1
                           ^
"booth_algo.s", line 79 (column 9): Warning: A1865W: '#' not seen before constant expression
   79 0000008a  MOV R1,A; Accumulator
                       ^
"booth_algo.s", line 86 (column 9): Warning: A1865W: '#' not seen before constant expression
   86 0000008e  MOV R2, Q; Multiplier (-ve)
                       ^
"booth_algo.s", line 87 (column 9): Warning: A1865W: '#' not seen before constant expression
   87 00000092  MOV R3,q; Booth Bit
                       ^
"booth_algo.s", line 88 (column 9): Warning: A1865W: '#' not seen before constant expression
   88 00000096  MOV R4, M; Mulitplicand
                       ^
"booth_algo.s", line 89 (column 10): Warning: A1865W: '#' not seen before constant expression
   89 0000009a  MOV R10, N; Count
                        ^
"booth_algo.s", line 94 (column 9): Warning: A1865W: '#' not seen before constant expression
   94 0000009e  cmp R1, 0
                       ^
"booth_algo.s", line 95 (column 13): Warning: A1865W: '#' not seen before constant expression
   95 000000a0  add R5, PC, 2; gettin address of next instruction pointer
                           ^
"booth_algo.s", line 98 (column 9): Warning: A1865W: '#' not seen before constant expression
   98 000000a6  cmp R2, 0
                       ^
"booth_algo.s", line 99 (column 13): Warning: A1865W: '#' not seen before constant expression
   99 000000a8  add R5, PC, 2
                           ^
"booth_algo.s", line 104 (column 9): Warning: A1865W: '#' not seen before constant expression
  104 000000b2  cmp R5, y; r5 is Qo_Q-1
                       ^
"booth_algo.s", line 107 (column 9): Warning: A1865W: '#' not seen before constant expression
  107 000000b6  cmp R5, z
                       ^
"booth_algo.s", line 112 (column 15): Warning: A1865W: '#' not seen before constant expression
  112 000000be  sub R10, R10, 1
                             ^
"booth_algo.s", line 113 (column 10): Warning: A1865W: '#' not seen before constant expression
  113 000000c2  cmp R10, 0
                        ^
"booth_algo.s", line 118 (column 13): Warning: A1865W: '#' not seen before constant expression
  118 000000cc  and R1, R8, 1; checking MSB
                           ^
"booth_algo.s", line 119 (column 9): Warning: A1865W: '#' not seen before constant expression
  119 000000d0  cmp R1, 1
                       ^
0 Errors, 31 Warnings
assembling booth_algo.s...
linking...
.\Objects\booth.sct(8): warning: L6314W: No section matches pattern *(InRoot$$Sections).
Program Size: Code=564 RO-data=204 RW-data=0 ZI-data=512  
Finished: 0 information, 1 warning and 0 error messages.
FromELF: creating hex file...
".\Objects\booth.axf" - 0 Error(s), 1 Warning(s).

<h2>Software Packages used:</h2>

Package Vendor: ARM
                http://www.keil.com/pack/ARM.CMSIS.5.7.0.pack
                ARM.CMSIS.5.7.0
                CMSIS (Cortex Microcontroller Software Interface Standard)
   * Component: CORE Version: 5.4.0

Package Vendor: Keil
                http://www.keil.com/pack/Keil.LPC1700_DFP.2.6.0.pack
                Keil.LPC1700_DFP.2.6.0
                NXP LPC1700 Series Device Support, Drivers and Examples for MCB1700 and LPC1788-32
   * Component: Startup Version: 1.0.0

<h2>Collection of Component include folders:</h2>
  .\RTE\Device\LPC1768
  .\RTE\_Target_1
  D:\arm-stuff\ARM\CMSIS\5.7.0\CMSIS\Core\Include
  D:\arm-stuff\Keil\LPC1700_DFP\2.6.0\Device\Include

<h2>Collection of Component Files used:</h2>

   * Component: ARM::CMSIS:CORE:5.4.0

   * Component: Keil::Device:Startup:1.0.0
      Include file:  Device\Include\LPC17xx.h
      Include file:  RTE_Driver\Config\RTE_Device.h
      Source file:   Device\Source\ARM\startup_LPC17xx.s
      Source file:   Device\Source\system_LPC17xx.c
Build Time Elapsed:  00:00:01
</pre>
</body>
</html>
